
---
time: 2026-04-28T14:58:48.209Z
name: a
email: a@a.com
subject: s
message: m

---
time: 2026-04-28T14:59:14.533Z
name: qsdw
email: saar@gmail.com
subject: sadly
message: asdfg

---
time: 2026-04-28T14:59:27.739Z
name: asd
email: sara@gmail.com
subject: sddf
message: def

---
time: 2026-04-28T15:11:36.965Z
name: majot
email: sarabjeetjatt512@gmail.com
subject: axscd
message: ads

---
time: 2026-04-28T15:12:44.349Z
name: sra
email: sarabjeetjatt512@gmail.com
subject: sd
message: pdf

---
time: 2026-04-28T15:15:33.123Z
name: test
email: test@gmail.com
subject: hello
message: check

---
time: 2026-04-28T15:16:09.168Z
name: sasd
email: sarabjeetjatt512@gmail.com
subject: ads
message: ds

---
time: 2026-04-28T15:16:10.049Z
name: sasd
email: sarabjeetjatt512@gmail.com
subject: ads
message: ds

---
time: 2026-04-28T15:16:11.628Z
name: sasd
email: sarabjeetjatt512@gmail.com
subject: ads
message: ds

---
time: 2026-04-28T15:19:03.970Z
name: sara
email: sarabjeetjatt512@gmail.com
subject: ds
message: ds

---
time: 2026-04-28T15:19:33.902Z
name: asc
email: devilstill51@gmail.com
subject: ds
message: sax

---
time: 2026-04-28T15:21:15.528Z
name: dsa
email: sarabjeetjatt512@gmail.com
subject: ds
message: asd

---
time: 2026-05-20T13:14:30.277Z
name: df
email: dsa@gmail.com
subject: pdf
message: qwsd

---
time: 2026-05-20T13:18:27.992Z
name: sd
email: sarabjeetjatt512@gmail.com
subject: sd
message: ask

---
time: 2026-05-20T13:21:00.228Z
name: ds
email: sarabjeetjatt512@gmail.com
subject: qdw
message: qsw

---
time: 2026-05-20T13:23:43.876Z
name: dqw
email: sarabjeetjatt512@gmail.com
subject: sd
message: fwd

---
time: 2026-05-20T13:25:51.967Z
name: Sarabeet Test
email: sarabjeetjatt512@gmail.com
subject: ThankYou Mail Test
message: Please send thank you mail

---
time: 2026-05-20T13:26:23.199Z
name: Sarabeet Test
email: sarabjeetjatt512@gmail.com
subject: ThankYou Mail Test 2
message: Please send thank you mail 2
email_delivery_user: accepted=["sarabjeetjatt512@gmail.com"] rejected=[] messageId=<d960330f-aa77-a07e-8d26-0f1a0ca821ea@gmail.com>
email_delivery_admin: accepted=["manjotsingh77400@gmail.com"] rejected=[] messageId=<e52a585f-59d3-7175-2b78-304e92d529a9@gmail.com>

---
time: 2026-05-20T13:28:37.044Z
name: qsd
email: devilstill51@gmail.com
subject: s
message: hi
email_delivery_user: accepted=["devilstill51@gmail.com"] rejected=[] messageId=<af37bec1-299d-1a32-4883-91f88df88c3c@gmail.com>
email_delivery_admin: accepted=["manjotsingh77400@gmail.com"] rejected=[] messageId=<f25296ef-7dba-b255-2f6d-ae393d194cd4@gmail.com>
